    [webpack-cli] Compiler 'extension:node' starting... 
    [webpack-cli] Compiler 'extension:node' is using config: 'D:\Cyber-Space\github projects\vscode-gitlens\webpack.config.js'
    [webpack-cli] Compiler 'extension:webworker' starting... 
    [webpack-cli] Compiler 'extension:webworker' is using config: 'D:\Cyber-Space\github projects\vscode-gitlens\webpack.config.js'
    [webpack-cli] Compiler 'webviews' starting... 
    [webpack-cli] Compiler 'webviews' is using config: 'D:\Cyber-Space\github projects\vscode-gitlens\webpack.config.js'
(node:28700) [DEP0190] DeprecationWarning: Passing args to a child process with shell option true can lead to security vulnerabilities, as the arguments are not escaped, only concatenated.
(Use `node --trace-deprecation ...` to show where the warning was created)
    [webpack-cli] Compiler 'webviews' finished
    [webpack-cli] Compiler 'extension:webworker' finished
    [webpack-cli] Compiler 'extension:node' finished
extension:node:
  [1m[31mERROR[39m[22m in [1msrc/webviews/webviewBase.ts:249:31[39m[22m
  [1mno-loop-func: Function declared in a loop contains unsafe references to variable(s) 'replaced', 'replaced'.[39m[22m

  [1m[31mERROR[39m[22m in [1msrc/webviews/webviewViewBase.ts:252:31[39m[22m
  [1mno-loop-func: Function declared in a loop contains unsafe references to variable(s) 'replaced', 'replaced'.[39m[22m

  [1mextension:node[39m[22m compiled with [1m[31m2 errors[39m[22m

extension:webworker:
  [1m[31mERROR[39m[22m in [1msrc/webviews/webviewBase.ts:249:31[39m[22m
  [1mno-loop-func: Function declared in a loop contains unsafe references to variable(s) 'replaced', 'replaced'.[39m[22m

  [1m[31mERROR[39m[22m in [1msrc/webviews/webviewViewBase.ts:252:31[39m[22m
  [1mno-loop-func: Function declared in a loop contains unsafe references to variable(s) 'replaced', 'replaced'.[39m[22m

  [1mextension:webworker[39m[22m compiled with [1m[31m2 errors[39m[22m
