src/webviews/webviewViewBase.ts(302,3): error TS2739: Type 'Thenable<boolean>' is missing the following properties from type 'Promise<boolean>': catch, finally, [Symbol.toStringTag]
